#-----------------------------------------------------------
# Vivado v2024.2 (64-bit)
# SW Build 5239630 on Fri Nov 08 22:35:27 MST 2024
# IP Build 5239520 on Sun Nov 10 16:12:51 MST 2024
# SharedData Build 5239561 on Fri Nov 08 14:39:27 MST 2024
# Start of session at: Fri May 30 00:28:53 2025
# Process ID         : 10092
# Current directory  : C:/Users/Eric/CodeProjects/CPE233/RISCV_Otter/RISCV_Otter.runs/impl_1
# Command line       : vivado.exe -log OTTER_Wrapper.vdi -applog -product Vivado -messageDb vivado.pb -mode batch -source OTTER_Wrapper.tcl -notrace
# Log file           : C:/Users/Eric/CodeProjects/CPE233/RISCV_Otter/RISCV_Otter.runs/impl_1/OTTER_Wrapper.vdi
# Journal file       : C:/Users/Eric/CodeProjects/CPE233/RISCV_Otter/RISCV_Otter.runs/impl_1\vivado.jou
# Running On         : DESKTOP-P2N9ID2
# Platform           : Windows Server 2016 or Windows 10
# Operating System   : 26100
# Processor Detail   : AMD Ryzen 7 7840HS w/ Radeon 780M Graphics     
# CPU Frequency      : 3793 MHz
# CPU Physical cores : 8
# CPU Logical cores  : 16
# Host memory        : 29860 MB
# Swap memory        : 1879 MB
# Total Virtual      : 31739 MB
# Available Virtual  : 18205 MB
#-----------------------------------------------------------
source OTTER_Wrapper.tcl -notrace
